.....x...
.....x...
.9...x...
.9...x...
.9...x...
.9###x###
.9...x...
.9...x...
*9***x***
